// Jest Snapshot v1, https://goo.gl/fbAQLP

exports[`Docs updating works when:  throws an error if docs collection is not created yet 1`] = `"Operation not allowed, not found record"`;

exports[`Docs updating works when:  throws an error when invalid name 1`] = `"Wrong name format"`;
